(---------------------------------------------------------------------)
(                                                                     )
(    Allegro Netrev Import Logic                                      )
(                                                                     )
(    Drawing          : usrp.brd                                      )
(    Software Version : 25.1S030                                      )
(    Date/Time        : Fri Sep  4 15:32:08 2026                      )
(                                                                     )
(---------------------------------------------------------------------)


------ Directives ------------

Ripup etch:                  No
Ripup delete first segment:  No
Ripup retain bondwire:       No
Ripup symbols:               Always
Missing symbol has error:    No
DRC update:                  Yes
Schematic directory:         'd:\nyquist-sdr\usrp\allegro'
Design Directory:            'D:/nyquist-sdr/USRP/allegro'
Old design name:             'D:/nyquist-sdr/USRP/allegro/usrp.brd'
New design name:             'D:/nyquist-sdr/USRP/allegro/usrp.brd'

CmdLine: netrev.exe -y 1 -n -i d:\nyquist-sdr\usrp\allegro D:/nyquist-sdr/USRP/allegro/usrp.brd D:/nyquist-sdr/USRP/allegro/usrp.brd

------ Preparing to read pst files ------

Starting to read d:/nyquist-sdr/usrp/allegro/pstchip.dat 
   Finished reading d:/nyquist-sdr/usrp/allegro/pstchip.dat (00:00:00.01)
Starting to read d:/nyquist-sdr/usrp/allegro/pstxprt.dat 
   Finished reading d:/nyquist-sdr/usrp/allegro/pstxprt.dat (00:00:00.00)
Starting to read d:/nyquist-sdr/usrp/allegro/pstxnet.dat 
   Finished reading d:/nyquist-sdr/usrp/allegro/pstxnet.dat (00:00:00.00)

------ Oversights/Warnings/Errors ------


------ Library Paths ------
MODULEPATH =  . 
           C:/Cadence/OrCADX_25.1/share/orApps/OrCaptureApp/../../../share/local/pcb/modules 

PSMPATH =  . 
           symbols 
           .. 
           ../symbols 
           C:/Cadence/OrCADX_25.1/share/orApps/OrCaptureApp/../../../share/local/pcb/symbols 
           C:/Cadence/OrCADX_25.1/share/orApps/OrCaptureApp/../../../share/pcb/pcb_lib/symbols 
           C:/Cadence/OrCADX_25.1/share/orApps/OrCaptureApp/../../../share/pcb/allegrolib/symbols 
           C:/SPB_Data/cdssetup/OrCAD_Capture/25.1.0/downloaded_parts/allegropcb 

PADPATH =  . 
           symbols 
           .. 
           ../symbols 
           C:/Cadence/OrCADX_25.1/share/orApps/OrCaptureApp/../../../share/local/pcb/padstacks 
           C:/Cadence/OrCADX_25.1/share/orApps/OrCaptureApp/../../../share/pcb/pcb_lib/symbols 
           C:/Cadence/OrCADX_25.1/share/orApps/OrCaptureApp/../../../share/pcb/allegrolib/symbols 
           C:/SPB_Data/cdssetup/OrCAD_Capture/25.1.0/downloaded_parts/allegropcb 


------ Summary Statistics ------


netrev run on Sep 4 15:32:08 2026
   DESIGN NAME : 'USRP'
   PACKAGING ON Mar 25 2026 22:25:38

   COMPILE 'logic'
   CHECK_PIN_NAMES OFF
   CROSS_REFERENCE OFF
   FEEDBACK OFF
   INCREMENTAL OFF
   INTERFACE_TYPE PHYSICAL
   MAX_ERRORS 500
   MERGE_MINIMUM 5
   NET_NAME_CHARS '#%&()*+-./:=>?@[]^_`|'
   NET_NAME_LENGTH 24
   OVERSIGHTS ON
   REPLACE_CHECK OFF
   SINGLE_NODE_NETS ON
   SPLIT_MINIMUM 0
   SUPPRESS   20
   WARNINGS ON

 No error detected
 No oversight detected
 No warning detected

cpu time      0:00:40
elapsed time  0:00:00

